{"type":"server-started","port":55244,"host":"127.0.0.1","url_host":"localhost","url":"http://localhost:55244","screen_dir":"/Users/himan/Desktop/projects/pay-watch/.superpowers/brainstorm/28407-1774628881/content","state_dir":"/Users/himan/Desktop/projects/pay-watch/.superpowers/brainstorm/28407-1774628881/state"}
{"type":"screen-added","file":"/Users/himan/Desktop/projects/pay-watch/.superpowers/brainstorm/28407-1774628881/content/all-pages.html"}
{"type":"screen-added","file":"/Users/himan/Desktop/projects/pay-watch/.superpowers/brainstorm/28407-1774628881/content/architecture-overview.html"}
{"type":"screen-added","file":"/Users/himan/Desktop/projects/pay-watch/.superpowers/brainstorm/28407-1774628881/content/dashboard-layout.html"}
{"type":"screen-added","file":"/Users/himan/Desktop/projects/pay-watch/.superpowers/brainstorm/28407-1774628881/content/dashboard-v2.html"}
{"type":"screen-added","file":"/Users/himan/Desktop/projects/pay-watch/.superpowers/brainstorm/28407-1774628881/content/data-model.html"}
{"type":"screen-added","file":"/Users/himan/Desktop/projects/pay-watch/.superpowers/brainstorm/28407-1774628881/content/landing-login.html"}
{"type":"screen-added","file":"/Users/himan/Desktop/projects/pay-watch/.superpowers/brainstorm/28407-1774628881/content/waiting.html"}
{"type":"screen-updated","file":"/Users/himan/Desktop/projects/pay-watch/.superpowers/brainstorm/28407-1774628881/content/landing-login.html"}
{"type":"screen-updated","file":"/Users/himan/Desktop/projects/pay-watch/.superpowers/brainstorm/28407-1774628881/content/landing-login.html"}
{"type":"screen-updated","file":"/Users/himan/Desktop/projects/pay-watch/.superpowers/brainstorm/28407-1774628881/content/landing-login.html"}
{"type":"screen-updated","file":"/Users/himan/Desktop/projects/pay-watch/.superpowers/brainstorm/28407-1774628881/content/landing-login.html"}
{"type":"screen-updated","file":"/Users/himan/Desktop/projects/pay-watch/.superpowers/brainstorm/28407-1774628881/content/landing-login.html"}
{"type":"screen-updated","file":"/Users/himan/Desktop/projects/pay-watch/.superpowers/brainstorm/28407-1774628881/content/landing-login.html"}
{"type":"screen-updated","file":"/Users/himan/Desktop/projects/pay-watch/.superpowers/brainstorm/28407-1774628881/content/landing-login.html"}
{"type":"screen-updated","file":"/Users/himan/Desktop/projects/pay-watch/.superpowers/brainstorm/28407-1774628881/content/landing-login.html"}
{"type":"screen-updated","file":"/Users/himan/Desktop/projects/pay-watch/.superpowers/brainstorm/28407-1774628881/content/landing-login.html"}
{"type":"screen-updated","file":"/Users/himan/Desktop/projects/pay-watch/.superpowers/brainstorm/28407-1774628881/content/landing-login.html"}
{"type":"screen-updated","file":"/Users/himan/Desktop/projects/pay-watch/.superpowers/brainstorm/28407-1774628881/content/landing-login.html"}
{"type":"screen-updated","file":"/Users/himan/Desktop/projects/pay-watch/.superpowers/brainstorm/28407-1774628881/content/landing-login.html"}
{"type":"screen-updated","file":"/Users/himan/Desktop/projects/pay-watch/.superpowers/brainstorm/28407-1774628881/content/landing-login.html"}
{"type":"screen-updated","file":"/Users/himan/Desktop/projects/pay-watch/.superpowers/brainstorm/28407-1774628881/content/landing-login.html"}
{"type":"screen-updated","file":"/Users/himan/Desktop/projects/pay-watch/.superpowers/brainstorm/28407-1774628881/content/landing-login.html"}
{"type":"screen-updated","file":"/Users/himan/Desktop/projects/pay-watch/.superpowers/brainstorm/28407-1774628881/content/landing-login.html"}
{"type":"screen-updated","file":"/Users/himan/Desktop/projects/pay-watch/.superpowers/brainstorm/28407-1774628881/content/landing-login.html"}
{"type":"server-stopped","reason":"idle timeout"}
