{"type":"server-started","port":55012,"host":"127.0.0.1","url_host":"localhost","url":"http://localhost:55012","screen_dir":"/Users/himan/Desktop/projects/pay-watch/.superpowers/brainstorm/6789-1774618968/content","state_dir":"/Users/himan/Desktop/projects/pay-watch/.superpowers/brainstorm/6789-1774618968/state"}
{"type":"screen-added","file":"/Users/himan/Desktop/projects/pay-watch/.superpowers/brainstorm/6789-1774618968/content/architecture-overview.html"}
{"type":"screen-added","file":"/Users/himan/Desktop/projects/pay-watch/.superpowers/brainstorm/6789-1774618968/content/data-model.html"}
{"type":"screen-added","file":"/Users/himan/Desktop/projects/pay-watch/.superpowers/brainstorm/6789-1774618968/content/dashboard-layout.html"}
{"type":"screen-added","file":"/Users/himan/Desktop/projects/pay-watch/.superpowers/brainstorm/6789-1774618968/content/dashboard-v2.html"}
{"type":"screen-added","file":"/Users/himan/Desktop/projects/pay-watch/.superpowers/brainstorm/6789-1774618968/content/all-pages.html"}
{"type":"screen-updated","file":"/Users/himan/Desktop/projects/pay-watch/.superpowers/brainstorm/6789-1774618968/content/all-pages.html"}
{"type":"screen-updated","file":"/Users/himan/Desktop/projects/pay-watch/.superpowers/brainstorm/6789-1774618968/content/all-pages.html"}
{"type":"screen-updated","file":"/Users/himan/Desktop/projects/pay-watch/.superpowers/brainstorm/6789-1774618968/content/all-pages.html"}
{"type":"screen-updated","file":"/Users/himan/Desktop/projects/pay-watch/.superpowers/brainstorm/6789-1774618968/content/all-pages.html"}
{"type":"screen-updated","file":"/Users/himan/Desktop/projects/pay-watch/.superpowers/brainstorm/6789-1774618968/content/all-pages.html"}
{"type":"screen-updated","file":"/Users/himan/Desktop/projects/pay-watch/.superpowers/brainstorm/6789-1774618968/content/all-pages.html"}
{"type":"screen-updated","file":"/Users/himan/Desktop/projects/pay-watch/.superpowers/brainstorm/6789-1774618968/content/all-pages.html"}
{"type":"screen-updated","file":"/Users/himan/Desktop/projects/pay-watch/.superpowers/brainstorm/6789-1774618968/content/all-pages.html"}
{"type":"screen-updated","file":"/Users/himan/Desktop/projects/pay-watch/.superpowers/brainstorm/6789-1774618968/content/all-pages.html"}
{"type":"screen-updated","file":"/Users/himan/Desktop/projects/pay-watch/.superpowers/brainstorm/6789-1774618968/content/all-pages.html"}
{"type":"screen-updated","file":"/Users/himan/Desktop/projects/pay-watch/.superpowers/brainstorm/6789-1774618968/content/all-pages.html"}
{"type":"screen-updated","file":"/Users/himan/Desktop/projects/pay-watch/.superpowers/brainstorm/6789-1774618968/content/all-pages.html"}
{"type":"screen-added","file":"/Users/himan/Desktop/projects/pay-watch/.superpowers/brainstorm/6789-1774618968/content/waiting.html"}
{"type":"screen-added","file":"/Users/himan/Desktop/projects/pay-watch/.superpowers/brainstorm/6789-1774618968/content/landing-login.html"}
{"type":"server-stopped","reason":"idle timeout"}
